Flutter crash report.
Please report a bug at https://github.com/flutter/flutter/issues.

## command

flutter run -d chrome --web-port=8080 --hot --web-hostname=localhost

## exception

TimeoutException: TimeoutException after 0:00:05.000000: Future not completed

```
#0      Future.timeout.<anonymous closure> (dart:async/future_impl.dart:1042:24)
<asynchronous suspension>
#1      WebkitDebugger.enable (package:dwds/src/debugging/webkit_debugger.dart:158:9)
<asynchronous suspension>
#2      Debugger._initialize (package:dwds/src/debugging/debugger.dart:253:5)
<asynchronous suspension>
#3      Debugger.create (package:dwds/src/debugging/debugger.dart:232:5)
<asynchronous suspension>
#4      ChromeProxyService.createIsolate (package:dwds/src/services/chrome/chrome_proxy_service.dart:282:22)
<asynchronous suspension>
#5      ChromeProxyService.create (package:dwds/src/services/chrome/chrome_proxy_service.dart:144:5)
<asynchronous suspension>
#6      ChromeDebugService.start (package:dwds/src/services/chrome/chrome_debug_service.dart:76:32)
<asynchronous suspension>
#7      DevHandler._createChromeAppServices (package:dwds/src/handlers/dev_handler.dart:363:26)
<asynchronous suspension>
#8      DevHandler.loadAppServices (package:dwds/src/handlers/dev_handler.dart:333:23)
<asynchronous suspension>
#9      DevHandler.createDebugConnectionForChrome (package:dwds/src/handlers/dev_handler.dart:654:30)
<asynchronous suspension>
#10     Dwds.debugConnection (package:dwds/dart_web_debug_service.dart:68:14)
<asynchronous suspension>
#11     WebDevFS.connect.<anonymous closure> (package:flutter_tools/src/isolated/devfs_web.dart:160:17)
<asynchronous suspension>
```

## flutter doctor

```
[✓] Flutter (Channel stable, 3.44.0, on Microsoft Windows [Version 10.0.26200.8894], locale en-GB) [1,088ms]
    • Flutter version 3.44.0 on channel stable at C:\Users\Craig\flutter
    • Upstream repository https://github.com/flutter/flutter.git
    • Framework revision 559ffa3f75 (2 months ago), 2026-05-15 14:13:13 -0700
    • Engine revision 4c525dac5e
    • Dart version 3.12.0
    • DevTools version 2.57.0
    • Feature flags: enable-web, enable-linux-desktop, enable-macos-desktop, enable-windows-desktop, enable-android, enable-ios, cli-animations, enable-native-assets, enable-swift-package-manager, omit-legacy-version-file, enable-lldb-debugging, enable-uiscene-migration

[!] Windows Version (Problem detected with Windows installation) [3.9s]
    ! Get-Process failed to complete

[✓] Android toolchain - develop for Android devices (Android SDK version 37.0.0) [8.3s]
    • Android SDK at C:\Users\Craig\AppData\Local\Android\sdk
    • Emulator version 36.6.11.0 (build_id 15507667) (CL:N/A)
    • Platform android-CinnamonBun-ext23, build-tools 37.0.0
    • Java binary at: C:\Program Files\Android\Android Studio\jbr\bin\java
      This is the JDK bundled with the latest Android Studio installation on this machine.
      To manually set the JDK path, use: `flutter config --jdk-dir="path/to/jdk"`.
    • Java version OpenJDK Runtime Environment (build 21.0.10+-14961533-b1163.108)
    • All Android licenses accepted.

[✓] Chrome - develop for the web [435ms]
    • Chrome at C:\Program Files (x86)\Google\Chrome\Application\chrome.exe

[✓] Visual Studio - develop Windows apps (Visual Studio Build Tools 2026 18.6.2) [433ms]
    • Visual Studio at C:\Program Files (x86)\Microsoft Visual Studio\18\BuildTools
    • Visual Studio Build Tools 2026 version 18.6.11822.322
    • Windows 10 SDK version 10.0.26100.0

[✓] Connected device (3 available) [2.5s]
    • Windows (desktop) • windows • windows-x64    • Microsoft Windows [Version 10.0.26200.8894]
    • Chrome (web)      • chrome  • web-javascript • Google Chrome 150.0.7871.187
    • Edge (web)        • edge    • web-javascript • Microsoft Edge 150.0.4078.99

[✓] Network resources [595ms]
    • All expected network resources are available.

! Doctor found issues in 1 category.
```
