Flutter crash report.
Please report a bug at https://github.com/flutter/flutter/issues.

## command

flutter run -d web-server --web-port=8080 --hot --web-hostname=localhost

## exception

_TypeError: Null check operator used on a null value

```
#0      currentPackageConfig (package:flutter_tools/src/dart/package_map.dart:16:56)
#1      loadDwdsDirectory (package:flutter_tools/src/isolated/web_server_utilities.dart:36:45)
#2      WebAssetServer.start (package:flutter_tools/src/isolated/web_asset_server.dart:329:39)
<asynchronous suspension>
#3      WebDevFS.create (package:flutter_tools/src/isolated/devfs_web.dart:205:22)
<asynchronous suspension>
#4      ResidentWebRunner.run.<anonymous closure> (package:flutter_tools/src/isolated/resident_web_runner.dart:324:19)
<asynchronous suspension>
#5      asyncGuard.<anonymous closure> (package:flutter_tools/src/base/async_guard.dart:108:24)
<asynchronous suspension>
```

## flutter doctor

```
[✓] Flutter (Channel stable, 3.44.0, on Microsoft Windows [Version 10.0.26200.8894], locale en-GB) [482ms]
    • Flutter version 3.44.0 on channel stable at C:\Users\Craig\flutter
    • Upstream repository https://github.com/flutter/flutter.git
    • Framework revision 559ffa3f75 (2 months ago), 2026-05-15 14:13:13 -0700
    • Engine revision 4c525dac5e
    • Dart version 3.12.0
    • DevTools version 2.57.0
    • Feature flags: enable-web, enable-linux-desktop, enable-macos-desktop, enable-windows-desktop, enable-android, enable-ios, cli-animations, enable-native-assets, enable-swift-package-manager, omit-legacy-version-file, enable-lldb-debugging, enable-uiscene-migration

[!] Windows Version (Problem detected with Windows installation) [945ms]
    ! Get-Process failed to complete

[✓] Android toolchain - develop for Android devices (Android SDK version 37.0.0) [2.8s]
    • Android SDK at C:\Users\Craig\AppData\Local\Android\sdk
    • Emulator version 36.6.11.0 (build_id 15507667) (CL:N/A)
    • Platform android-CinnamonBun-ext23, build-tools 37.0.0
    • Java binary at: C:\Program Files\Android\Android Studio\jbr\bin\java
      This is the JDK bundled with the latest Android Studio installation on this machine.
      To manually set the JDK path, use: `flutter config --jdk-dir="path/to/jdk"`.
    • Java version OpenJDK Runtime Environment (build 21.0.10+-14961533-b1163.108)
    • All Android licenses accepted.

[✓] Chrome - develop for the web [158ms]
    • Chrome at C:\Program Files (x86)\Google\Chrome\Application\chrome.exe

[✓] Visual Studio - develop Windows apps (Visual Studio Build Tools 2026 18.6.2) [156ms]
    • Visual Studio at C:\Program Files (x86)\Microsoft Visual Studio\18\BuildTools
    • Visual Studio Build Tools 2026 version 18.6.11822.322
    • Windows 10 SDK version 10.0.26100.0

[✓] Connected device (4 available) [380ms]
    • Windows (desktop) • windows    • windows-x64    • Microsoft Windows [Version 10.0.26200.8894]
    • Web Server (web)  • web-server • web-javascript • Flutter Tools
    • Chrome (web)      • chrome     • web-javascript • Google Chrome 150.0.7871.187
    • Edge (web)        • edge       • web-javascript • Microsoft Edge 150.0.4078.99

[✓] Network resources [412ms]
    • All expected network resources are available.

! Doctor found issues in 1 category.
```
