Flutter crash report.
Please report a bug at https://github.com/flutter/flutter/issues.

## command

flutter run -d web-server --web-port=8080 --hot --web-hostname=localhost

## exception

UnsupportedError: Unsupported operation: Cannot extract a file path from a URI with a fragment component

```
#0      _Uri.toFilePath (dart:core/uri.dart:3440:7)
#1      ManifestAssetBundle._ensureAssetPathIsValid (package:flutter_tools/src/asset.dart:1343:32)
#2      ManifestAssetBundle._parseAssetsFromFolder (package:flutter_tools/src/asset.dart:1168:5)
#3      ManifestAssetBundle._parseAssets (package:flutter_tools/src/asset.dart:1037:9)
#4      ManifestAssetBundle.build (package:flutter_tools/src/asset.dart:384:54)
<asynchronous suspension>
#5      ResidentWebRunner._updateDevFS (package:flutter_tools/src/isolated/resident_web_runner.dart:773:26)
<asynchronous suspension>
#6      ResidentWebRunner.run.<anonymous closure> (package:flutter_tools/src/isolated/resident_web_runner.dart:330:41)
<asynchronous suspension>
#7      asyncGuard.<anonymous closure> (package:flutter_tools/src/base/async_guard.dart:108:24)
<asynchronous suspension>
```

## flutter doctor

```
[✓] Flutter (Channel stable, 3.44.0, on Microsoft Windows [Version 10.0.26200.8894], locale en-GB) [635ms]
    • Flutter version 3.44.0 on channel stable at C:\Users\Craig\flutter
    • Upstream repository https://github.com/flutter/flutter.git
    • Framework revision 559ffa3f75 (2 months ago), 2026-05-15 14:13:13 -0700
    • Engine revision 4c525dac5e
    • Dart version 3.12.0
    • DevTools version 2.57.0
    • Feature flags: enable-web, enable-linux-desktop, enable-macos-desktop, enable-windows-desktop, enable-android, enable-ios, cli-animations, enable-native-assets, enable-swift-package-manager, omit-legacy-version-file, enable-lldb-debugging, enable-uiscene-migration

[!] Windows Version (Problem detected with Windows installation) [2.4s]
    ! Get-Process failed to complete

[!] Android toolchain - develop for Android devices (Android SDK version 37.0.0) [896ms]
    • Android SDK at C:\Users\Craig\AppData\Local\Android\sdk
    • Emulator version 36.6.11.0 (build_id 15507667) (CL:N/A)
    • Platform android-CinnamonBun-ext23, build-tools 37.0.0
    • Java binary at: C:\Program Files (x86)\Common Files\Oracle\Java\javapath\java.exe
      This JDK was found in the system PATH.
      To manually set the JDK path, use: `flutter config --jdk-dir="path/to/jdk"`.
    ✗ Could not determine java version
    ✗ Android license status unknown.
      Run `flutter doctor --android-licenses` to accept the SDK licenses.
      See https://flutter.dev/to/windows-android-setup for more details.

[✓] Chrome - develop for the web [205ms]
    • Chrome at C:\Program Files (x86)\Google\Chrome\Application\chrome.exe

[✓] Visual Studio - develop Windows apps (Visual Studio Build Tools 2026 18.6.2) [204ms]
    • Visual Studio at C:\Program Files (x86)\Microsoft Visual Studio\18\BuildTools
    • Visual Studio Build Tools 2026 version 18.6.11822.322
    • Windows 10 SDK version 10.0.26100.0

[✓] Connected device (4 available) [398ms]
    • Windows (desktop) • windows    • windows-x64    • Microsoft Windows [Version 10.0.26200.8894]
    • Web Server (web)  • web-server • web-javascript • Flutter Tools
    • Chrome (web)      • chrome     • web-javascript • Google Chrome 150.0.7871.182
    • Edge (web)        • edge       • web-javascript • Microsoft Edge 150.0.4078.99

[✓] Network resources [535ms]
    • All expected network resources are available.

! Doctor found issues in 2 categories.
```
