Starting rename of ' & ' items in C:\Users\Craig\Downloads\Charlie Chat
OK: C:\Users\Craig\Downloads\Charlie Chat\Characters and Fantasy Icons.lnk -> Characters and Fantasy Icons.lnk
OK: C:\Users\Craig\Downloads\Charlie Chat\z IMPORTANT INFO ON BOARD STRUCTURE and HEIRARCHY.txt -> z IMPORTANT INFO ON BOARD STRUCTURE and HEIRARCHY.txt
OK: C:\Users\Craig\Downloads\Charlie Chat\assets\BOARDS\People and Places.png -> People and Places.png
OK: C:\Users\Craig\Downloads\Charlie Chat\assets\BOARDS\Cooking and Food -> Cooking and Food
OK: C:\Users\Craig\Downloads\Charlie Chat\assets\BOARDS\English\Letters and Emails.png -> Letters and Emails.png
OK: C:\Users\Craig\Downloads\Charlie Chat\assets\BOARDS\Legends\Characters\Arabian and Middle Eastern Tales.png -> Arabian and Middle Eastern Tales.png
OK: C:\Users\Craig\Downloads\Charlie Chat\assets\BOARDS\Legends\Characters\Asian Legends and Folklore.png -> Asian Legends and Folklore.png
OK: C:\Users\Craig\Downloads\Charlie Chat\assets\BOARDS\Legends\Characters\Biblical and Ancient Legendary Figures.png -> Biblical and Ancient Legendary Figures.png
OK: C:\Users\Craig\Downloads\Charlie Chat\assets\BOARDS\Legends\Characters\Famous Monsters and Horror Icons.png -> Famous Monsters and Horror Icons.png
OK: C:\Users\Craig\Downloads\Charlie Chat\assets\BOARDS\Legends\Characters\Legendary Heroes and Folk Heroes.png -> Legendary Heroes and Folk Heroes.png
OK: C:\Users\Craig\Downloads\Charlie Chat\assets\BOARDS\Legends\Characters\Literary and Gothic Characters.png -> Literary and Gothic Characters.png
OK: C:\Users\Craig\Downloads\Charlie Chat\assets\BOARDS\Legends\Characters\Robin Hood and English Folklore.png -> Robin Hood and English Folklore.png
OK: C:\Users\Craig\Downloads\Charlie Chat\assets\BOARDS\Legends\Characters\DC\Apokolips and Cosmic Villains.png -> Apokolips and Cosmic Villains.png
OK: C:\Users\Craig\Downloads\Charlie Chat\assets\BOARDS\Legends\Characters\Disney\Beauty and The Beast.png -> Beauty and The Beast.png
OK: C:\Users\Craig\Downloads\Charlie Chat\assets\BOARDS\Legends\Characters\Disney\Lady and The Tramp.png -> Lady and The Tramp.png
OK: C:\Users\Craig\Downloads\Charlie Chat\assets\BOARDS\Legends\Characters\Disney\Lilo and Stitch.png -> Lilo and Stitch.png
OK: C:\Users\Craig\Downloads\Charlie Chat\assets\BOARDS\Legends\Characters\Disney\Oliver and Company.png -> Oliver and Company.png
OK: C:\Users\Craig\Downloads\Charlie Chat\assets\BOARDS\Legends\Characters\Disney\Raya and The Last Dragon.png -> Raya and The Last Dragon.png
OK: C:\Users\Craig\Downloads\Charlie Chat\assets\BOARDS\Legends\Characters\Disney\Snow White and The Seven Dwarfs.png -> Snow White and The Seven Dwarfs.png
OK: C:\Users\Craig\Downloads\Charlie Chat\assets\BOARDS\Legends\Characters\Disney\The Fox and The Hound.png -> The Fox and The Hound.png
OK: C:\Users\Craig\Downloads\Charlie Chat\assets\BOARDS\Legends\Characters\Disney\The Princess and The Frog.png -> The Princess and The Frog.png
OK: C:\Users\Craig\Downloads\Charlie Chat\assets\BOARDS\Legends\Characters\Marvel\Black Widow and Hawkeye.png -> Black Widow and Hawkeye.png
OK: C:\Users\Craig\Downloads\Charlie Chat\assets\BOARDS\Living Life Skills & Prepare For Adulthood & Employment\Arts and Crafts.png -> Arts and Crafts.png
OK: C:\Users\Craig\Downloads\Charlie Chat\assets\BOARDS\Living Life Skills & Prepare For Adulthood & Employment\Environment and Community.png -> Environment and Community.png
OK: C:\Users\Craig\Downloads\Charlie Chat\assets\BOARDS\Living Life Skills & Prepare For Adulthood & Employment\Finance and Numeracy.png -> Finance and Numeracy.png
OK: C:\Users\Craig\Downloads\Charlie Chat\assets\BOARDS\Living Life Skills & Prepare For Adulthood & Employment\Media and Social Media.png -> Media and Social Media.png
OK: C:\Users\Craig\Downloads\Charlie Chat\assets\BOARDS\Living Life Skills and Prepare For Adulthood and Employment -> Living Life Skills and Prepare For Adulthood and Employment
OK: C:\Users\Craig\Downloads\Charlie Chat\assets\BOARDS\Maths\Area and Perimeter.png -> Area and Perimeter.png
OK: C:\Users\Craig\Downloads\Charlie Chat\assets\BOARDS\Maths\Position and Direction.png -> Position and Direction.png
OK: C:\Users\Craig\Downloads\Charlie Chat\assets\BOARDS\Maths\Ratio and Proportion.png -> Ratio and Proportion.png
OK: C:\Users\Craig\Downloads\Charlie Chat\assets\BOARDS\Maths\Weight and Capacity.png -> Weight and Capacity.png
OK: C:\Users\Craig\Downloads\Charlie Chat\assets\BOARDS\P.D\Gender and Sexuality.png -> Gender and Sexuality.png
OK: C:\Users\Craig\Downloads\Charlie Chat\assets\BOARDS\P.D\Health and Wellbeing.png -> Health and Wellbeing.png
OK: C:\Users\Craig\Downloads\Charlie Chat\assets\BOARDS\PEEP & Sustainability\Anglo-Saxon Places and People.png -> Anglo-Saxon Places and People.png
OK: C:\Users\Craig\Downloads\Charlie Chat\assets\BOARDS\PEEP & Sustainability\Biomes and Climate.png -> Biomes and Climate.png
OK: C:\Users\Craig\Downloads\Charlie Chat\assets\BOARDS\PEEP & Sustainability\Heroes and Monsters.png -> Heroes and Monsters.png
OK: C:\Users\Craig\Downloads\Charlie Chat\assets\BOARDS\PEEP & Sustainability\Maps and Atlas.png -> Maps and Atlas.png
OK: C:\Users\Craig\Downloads\Charlie Chat\assets\BOARDS\PEEP and Sustainability -> PEEP and Sustainability
OK: C:\Users\Craig\Downloads\Charlie Chat\assets\BOARDS\Photography\Artistic and Conceptual.png -> Artistic and Conceptual.png
OK: C:\Users\Craig\Downloads\Charlie Chat\assets\BOARDS\Photography\Editing and Post Production.png -> Editing and Post Production.png
OK: C:\Users\Craig\Downloads\Charlie Chat\assets\BOARDS\Photography\Lighting and Composition.png -> Lighting and Composition.png
OK: C:\Users\Craig\Downloads\Charlie Chat\assets\BOARDS\Photography\Technical and Analytical.png -> Technical and Analytical.png
OK: C:\Users\Craig\Downloads\Charlie Chat\assets\BOARDS\Religion & Worldviews\Belonging and Baptism.png -> Belonging and Baptism.png
OK: C:\Users\Craig\Downloads\Charlie Chat\assets\BOARDS\Religion & Worldviews\Good and Evil.png -> Good and Evil.png
OK: C:\Users\Craig\Downloads\Charlie Chat\assets\BOARDS\Religion & Worldviews\Love and Belonging.png -> Love and Belonging.png
OK: C:\Users\Craig\Downloads\Charlie Chat\assets\BOARDS\Religion & Worldviews\Love and Easter.png -> Love and Easter.png
OK: C:\Users\Craig\Downloads\Charlie Chat\assets\BOARDS\Religion and Worldviews -> Religion and Worldviews
OK: C:\Users\Craig\Downloads\Charlie Chat\assets\BOARDS\Retail\Payment and Finance (Retail).png -> Payment and Finance (Retail).png
OK: C:\Users\Craig\Downloads\Charlie Chat\assets\BOARDS\Science\Entry Level\Clean Air and Water.png -> Clean Air and Water.png
OK: C:\Users\Craig\Downloads\Charlie Chat\assets\BOARDS\Science\Entry Level\Pushes and Pulls.png -> Pushes and Pulls.png
OK: C:\Users\Craig\Downloads\Charlie Chat\assets\BOARDS\Science\Year 10 - 11\Clean Air and Water.png -> Clean Air and Water.png
OK: C:\Users\Craig\Downloads\Charlie Chat\assets\BOARDS\Science\Year 10 - 11\Pushes and Pulls.png -> Pushes and Pulls.png
OK: C:\Users\Craig\Downloads\Charlie Chat\assets\BOARDS\Science\Year 7\Air and Water Resistance.png -> Air and Water Resistance.png
OK: C:\Users\Craig\Downloads\Charlie Chat\assets\BOARDS\Science\Year 7\Day, Night, Months and Seasons.png -> Day, Night, Months and Seasons.png
OK: C:\Users\Craig\Downloads\Charlie Chat\assets\BOARDS\Science\Year 7\Development and Puberty.png -> Development and Puberty.png
OK: C:\Users\Craig\Downloads\Charlie Chat\assets\BOARDS\Science\Year 7\Heliocentricity vs Geocentricity - Copernicus and Galileo.png -> Heliocentricity vs Geocentricity - Copernicus and Galileo.png
OK: C:\Users\Craig\Downloads\Charlie Chat\assets\BOARDS\Science\Year 7\Skeletons and Senses.png -> Skeletons and Senses.png
OK: C:\Users\Craig\Downloads\Charlie Chat\assets\BOARDS\Science\Year 7\Sun, Earth and Moon.png -> Sun, Earth and Moon.png
OK: C:\Users\Craig\Downloads\Charlie Chat\assets\BOARDS\Science\Year 7\Survival, Offspring and Growth.png -> Survival, Offspring and Growth.png
OK: C:\Users\Craig\Downloads\Charlie Chat\assets\BOARDS\Science\Year 8\Digestion and Excretion.png -> Digestion and Excretion.png
OK: C:\Users\Craig\Downloads\Charlie Chat\assets\BOARDS\Science\Year 8\Electrical Insulators and Conductors.png -> Electrical Insulators and Conductors.png
OK: C:\Users\Craig\Downloads\Charlie Chat\assets\BOARDS\Science\Year 8\Mental and Social Health.png -> Mental and Social Health.png
OK: C:\Users\Craig\Downloads\Charlie Chat\assets\BOARDS\Science\Year 8\Shadows and Colour Spectrum.png -> Shadows and Colour Spectrum.png
OK: C:\Users\Craig\Downloads\Charlie Chat\assets\BOARDS\Science\Year 9\Acids and Alkelis.png -> Acids and Alkelis.png
OK: C:\Users\Craig\Downloads\Charlie Chat\assets\BOARDS\Science\Year 9\Slime and Bicarb Fountain.png -> Slime and Bicarb Fountain.png
OK: C:\Users\Craig\Downloads\Charlie Chat\assets\BOARDS\Sports, Activities & P.E\Creativity and Brainpower.png -> Creativity and Brainpower.png
OK: C:\Users\Craig\Downloads\Charlie Chat\assets\BOARDS\Sports, Activities & P.E\Water and Winter Sports.png -> Water and Winter Sports.png
OK: C:\Users\Craig\Downloads\Charlie Chat\assets\BOARDS\Sports, Activities and P.E -> Sports, Activities and P.E
OK: C:\Users\Craig\Downloads\Charlie Chat\assets\BOARDS\Subjects\Hair and Beauty Vocab.png -> Hair and Beauty Vocab.png
OK: C:\Users\Craig\Downloads\Charlie Chat\assets\BOARDS\Subjects\Health and Social Care Vocab.png -> Health and Social Care Vocab.png
OK: C:\Users\Craig\Downloads\Charlie Chat\assets\BOARDS\Subjects\Religion and Worldviews Vocab.png -> Religion and Worldviews Vocab.png
OK: C:\Users\Craig\Downloads\Charlie Chat\assets\BOARDS\Subjects\Resistant Materials and Construction Vocab.png -> Resistant Materials and Construction Vocab.png
OK: C:\Users\Craig\Downloads\Charlie Chat\assets\BOARDS\Synonyms\Synonyms - People and Places - Ask, Break, Come, Cry, Describe, Fall.png -> Synonyms - People and Places - Ask, Break, Come, Cry, Describe, Fall.png
OK: C:\Users\Craig\Downloads\Charlie Chat\assets\BOARDS\Synonyms\Synonyms - People and Places - Awful, Brave, Moody, Delicious, Gross.png -> Synonyms - People and Places - Awful, Brave, Moody, Delicious, Gross.png
OK: C:\Users\Craig\Downloads\Charlie Chat\assets\BOARDS\Synonyms\Synonyms - People and Places - Bad, Funny.png -> Synonyms - People and Places - Bad, Funny.png
OK: C:\Users\Craig\Downloads\Charlie Chat\assets\BOARDS\Synonyms\Synonyms - People and Places - Destroy, Fly, Have, Hurt, Help.png -> Synonyms - People and Places - Destroy, Fly, Have, Hurt, Help.png
OK: C:\Users\Craig\Downloads\Charlie Chat\assets\BOARDS\Synonyms\Synonyms - People and Places - Fast Slow, Dangerous, Quiet, Strange, Amazing.png -> Synonyms - People and Places - Fast Slow, Dangerous, Quiet, Strange, Amazing.png
OK: C:\Users\Craig\Downloads\Charlie Chat\assets\BOARDS\Synonyms\Synonyms - People and Places - Good.png -> Synonyms - People and Places - Good.png
OK: C:\Users\Craig\Downloads\Charlie Chat\assets\BOARDS\Synonyms\Synonyms - People and Places - Hide, Look, Plan.png -> Synonyms - People and Places - Hide, Look, Plan.png
OK: C:\Users\Craig\Downloads\Charlie Chat\assets\BOARDS\Synonyms\Synonyms - People and Places - Interesting, Boring.png -> Synonyms - People and Places - Interesting, Boring.png
OK: C:\Users\Craig\Downloads\Charlie Chat\assets\BOARDS\Synonyms\Synonyms - People and Places - Make, Run, Show, Think.png -> Synonyms - People and Places - Make, Run, Show, Think.png
OK: C:\Users\Craig\Downloads\Charlie Chat\assets\BOARDS\Synonyms\Synonyms - People and Places - Move.png -> Synonyms - People and Places - Move.png
OK: C:\Users\Craig\Downloads\Charlie Chat\assets\BOARDS\Synonyms\Synonyms - People and Places - Say.png -> Synonyms - People and Places - Say.png
OK: C:\Users\Craig\Downloads\Charlie Chat\assets\BOARDS\Synonyms\Synonyms - People and Places - Stop, Take, Tell.png -> Synonyms - People and Places - Stop, Take, Tell.png
OK: C:\Users\Craig\Downloads\Charlie Chat\assets\BOARDS\Synonyms\Synonyms - People and Places - True, Right, False, Wrong.png -> Synonyms - People and Places - True, Right, False, Wrong.png
OK: C:\Users\Craig\Downloads\Charlie Chat\assets\My School\My School Lessons\Hair and Beauty.png -> Hair and Beauty.png
OK: C:\Users\Craig\Downloads\Charlie Chat\assets\My School\My School Lessons\Health and Social Care.png -> Health and Social Care.png
OK: C:\Users\Craig\Downloads\Charlie Chat\assets\My School\My School Lessons\Religion and Worldviews.png -> Religion and Worldviews.png
OK: C:\Users\Craig\Downloads\Charlie Chat\assets\My School\People At School\drivers and escorts.png -> drivers and escorts.png
OK: C:\Users\Craig\Downloads\Charlie Chat\assets\My School\People At School\speech and language.png -> speech and language.png
OK: C:\Users\Craig\Downloads\Charlie Chat\lib\data\boards\Common\Jobs and Careers -> Jobs and Careers
OK: C:\Users\Craig\Downloads\Charlie Chat\lib\data\boards\Common\Places\Rooms and Home -> Rooms and Home
OK: C:\Users\Craig\Downloads\Charlie Chat\lib\data\boards\Common\Time\Events and Occasions -> Events and Occasions
OK: C:\Users\Craig\Downloads\Charlie Chat\lib\data\boards\Legends\Characters\Arabian and Middle Eastern Tales -> Arabian and Middle Eastern Tales
OK: C:\Users\Craig\Downloads\Charlie Chat\lib\data\boards\Legends\Characters\Asian Legends and Folklore -> Asian Legends and Folklore
OK: C:\Users\Craig\Downloads\Charlie Chat\lib\data\boards\Legends\Characters\Disney Stories\1937 Snow White & The Seven Dwarfs\1937 Snow White and The Seven Dwarfs - Word List.txt -> 1937 Snow White and The Seven Dwarfs - Word List.txt
OK: C:\Users\Craig\Downloads\Charlie Chat\lib\data\boards\Legends\Characters\Disney Stories\1937 Snow White and The Seven Dwarfs -> 1937 Snow White and The Seven Dwarfs
OK: C:\Users\Craig\Downloads\Charlie Chat\lib\data\boards\Legends\Characters\Disney Stories\1955 Lady and The Tramp -> 1955 Lady and The Tramp
OK: C:\Users\Craig\Downloads\Charlie Chat\lib\data\boards\Legends\Characters\Disney Stories\1981 The Fox and The Hound -> 1981 The Fox and The Hound
OK: C:\Users\Craig\Downloads\Charlie Chat\lib\data\boards\Legends\Characters\Disney Stories\1988 Oliver and Company -> 1988 Oliver and Company
OK: C:\Users\Craig\Downloads\Charlie Chat\lib\data\boards\Legends\Characters\Disney Stories\1991 Beauty and The Beast -> 1991 Beauty and The Beast
OK: C:\Users\Craig\Downloads\Charlie Chat\lib\data\boards\Legends\Characters\Disney Stories\2002 Lilo and Stitch -> 2002 Lilo and Stitch
OK: C:\Users\Craig\Downloads\Charlie Chat\lib\data\boards\Legends\Characters\Disney Stories\2009 The Princess and The Frog -> 2009 The Princess and The Frog
OK: C:\Users\Craig\Downloads\Charlie Chat\lib\data\boards\Legends\Characters\Disney Stories\2021 Raya and The Last Dragon -> 2021 Raya and The Last Dragon
OK: C:\Users\Craig\Downloads\Charlie Chat\lib\data\boards\Legends\Characters\Disney Stories\Mickey and Friends -> Mickey and Friends
OK: C:\Users\Craig\Downloads\Charlie Chat\lib\data\boards\Legends\Characters\Famous Monsters and Horror Icons -> Famous Monsters and Horror Icons
OK: C:\Users\Craig\Downloads\Charlie Chat\lib\data\boards\Legends\Characters\Gods, Titans, Heroes & Monsters\Christian Angels and Demons -> Christian Angels and Demons
OK: C:\Users\Craig\Downloads\Charlie Chat\lib\data\boards\Legends\Characters\Gods, Titans, Heroes and Monsters -> Gods, Titans, Heroes and Monsters
OK: C:\Users\Craig\Downloads\Charlie Chat\lib\data\boards\Legends\Characters\Heroes and Monsters (Greek and Roman) -> Heroes and Monsters (Greek and Roman)
OK: C:\Users\Craig\Downloads\Charlie Chat\lib\data\boards\Legends\Characters\Legendary Heroes and Folk Heroes -> Legendary Heroes and Folk Heroes
OK: C:\Users\Craig\Downloads\Charlie Chat\lib\data\boards\Legends\Characters\Literary and Gothic Characters -> Literary and Gothic Characters
OK: C:\Users\Craig\Downloads\Charlie Chat\lib\data\boards\Legends\Characters\Religion & Worldviews\Belonging and Baptism -> Belonging and Baptism
OK: C:\Users\Craig\Downloads\Charlie Chat\lib\data\boards\Legends\Characters\Religion & Worldviews\Good and Evil -> Good and Evil
OK: C:\Users\Craig\Downloads\Charlie Chat\lib\data\boards\Legends\Characters\Religion & Worldviews\Love and Belonging -> Love and Belonging
OK: C:\Users\Craig\Downloads\Charlie Chat\lib\data\boards\Legends\Characters\Religion & Worldviews\Love and Easter -> Love and Easter
OK: C:\Users\Craig\Downloads\Charlie Chat\lib\data\boards\Legends\Characters\Religion & Worldviews\Z Hinduism\Gods and Characters -> Gods and Characters
OK: C:\Users\Craig\Downloads\Charlie Chat\lib\data\boards\Legends\Characters\Religion and Worldviews -> Religion and Worldviews
OK: C:\Users\Craig\Downloads\Charlie Chat\lib\data\boards\Legends\Creatures and Races -> Creatures and Races
OK: C:\Users\Craig\Downloads\Charlie Chat\lib\data\boards\Sign\Animals & Nature\Animals and Nature - Word List.txt -> Animals and Nature - Word List.txt
OK: C:\Users\Craig\Downloads\Charlie Chat\lib\data\boards\Sign\Animals and Nature -> Animals and Nature
OK: C:\Users\Craig\Downloads\Charlie Chat\lib\data\boards\Sign\Clothing and Personal -> Clothing and Personal
OK: C:\Users\Craig\Downloads\Charlie Chat\lib\data\boards\Sign\Descriptions and Attributes -> Descriptions and Attributes
OK: C:\Users\Craig\Downloads\Charlie Chat\lib\data\boards\Sign\Descriptions & Attributes (Adjectives)\Descriptions and Attributes Adjectives - Word List.txt -> Descriptions and Attributes Adjectives - Word List.txt
OK: C:\Users\Craig\Downloads\Charlie Chat\lib\data\boards\Sign\Descriptions and Attributes (Adjectives) -> Descriptions and Attributes (Adjectives)
OK: C:\Users\Craig\Downloads\Charlie Chat\lib\data\boards\Sign\Family & People\Family and People - Word List.txt -> Family and People - Word List.txt
OK: C:\Users\Craig\Downloads\Charlie Chat\lib\data\boards\Sign\Family and People -> Family and People
OK: C:\Users\Craig\Downloads\Charlie Chat\lib\data\boards\Sign\Feelings & Health\Feelings and Health - Word List.txt -> Feelings and Health - Word List.txt
OK: C:\Users\Craig\Downloads\Charlie Chat\lib\data\boards\Sign\Feelings and Health -> Feelings and Health
OK: C:\Users\Craig\Downloads\Charlie Chat\lib\data\boards\Sign\Food & Drink\Food and Drink - Word List.txt -> Food and Drink - Word List.txt
OK: C:\Users\Craig\Downloads\Charlie Chat\lib\data\boards\Sign\Food and Drink -> Food and Drink
OK: C:\Users\Craig\Downloads\Charlie Chat\lib\data\boards\Sign\Gender and Sexuality -> Gender and Sexuality
OK: C:\Users\Craig\Downloads\Charlie Chat\lib\data\boards\Sign\Home & Household\Home and Household - Word List.txt -> Home and Household - Word List.txt
OK: C:\Users\Craig\Downloads\Charlie Chat\lib\data\boards\Sign\Home and Household -> Home and Household
OK: C:\Users\Craig\Downloads\Charlie Chat\lib\data\boards\Sign\Leisure Activities & Interests\Leisure Activities and Interests - Word List.txt -> Leisure Activities and Interests - Word List.txt
OK: C:\Users\Craig\Downloads\Charlie Chat\lib\data\boards\Sign\Leisure Activities and Interests -> Leisure Activities and Interests
OK: C:\Users\Craig\Downloads\Charlie Chat\lib\data\boards\Sign\Manners & Greetings\Manners and Greetings - Word List.txt -> Manners and Greetings - Word List.txt
OK: C:\Users\Craig\Downloads\Charlie Chat\lib\data\boards\Sign\Manners and Greetings -> Manners and Greetings
OK: C:\Users\Craig\Downloads\Charlie Chat\lib\data\boards\Sign\Quantity and Measurement -> Quantity and Measurement
OK: C:\Users\Craig\Downloads\Charlie Chat\lib\data\boards\Sign\Religion and Customs -> Religion and Customs
OK: C:\Users\Craig\Downloads\Charlie Chat\lib\data\boards\Sign\School and Instructions -> School and Instructions
OK: C:\Users\Craig\Downloads\Charlie Chat\lib\data\boards\Sign\Time & Days\Time and Days - Word List.txt -> Time and Days - Word List.txt
OK: C:\Users\Craig\Downloads\Charlie Chat\lib\data\boards\Sign\Time and Days -> Time and Days
OK: C:\Users\Craig\Downloads\Charlie Chat\lib\data\boards\Sign\Transport & Vehicles\Transport and Vehicles - Word List.txt -> Transport and Vehicles - Word List.txt
OK: C:\Users\Craig\Downloads\Charlie Chat\lib\data\boards\Sign\Transport and Vehicles -> Transport and Vehicles
OK: C:\Users\Craig\Downloads\Charlie Chat\lib\data\boards\Subject Vocab\Cooking\Meals\Desserts and Puddings -> Desserts and Puddings
OK: C:\Users\Craig\Downloads\Charlie Chat\lib\data\boards\Subject Vocab\Hair and Beauty -> Hair and Beauty
OK: C:\Users\Craig\Downloads\Charlie Chat\lib\data\boards\Subject Vocab\Health and Social Care -> Health and Social Care
OK: C:\Users\Craig\Downloads\Charlie Chat\lib\data\boards\Subject Vocab\Living Life Skills & Prepare For Adulthood & Employment\Arts and Crafts -> Arts and Crafts
OK: C:\Users\Craig\Downloads\Charlie Chat\lib\data\boards\Subject Vocab\Living Life Skills & Prepare For Adulthood & Employment\Environment and Community -> Environment and Community
OK: C:\Users\Craig\Downloads\Charlie Chat\lib\data\boards\Subject Vocab\Living Life Skills & Prepare For Adulthood & Employment\Finance and Numeracy -> Finance and Numeracy
OK: C:\Users\Craig\Downloads\Charlie Chat\lib\data\boards\Subject Vocab\Living Life Skills & Prepare For Adulthood & Employment\Media and Social Media -> Media and Social Media
OK: C:\Users\Craig\Downloads\Charlie Chat\lib\data\boards\Subject Vocab\Living Life Skills and Prepare For Adulthood and Employment -> Living Life Skills and Prepare For Adulthood and Employment
OK: C:\Users\Craig\Downloads\Charlie Chat\lib\data\boards\Subject Vocab\Maths\Fractions and Percentages -> Fractions and Percentages
OK: C:\Users\Craig\Downloads\Charlie Chat\lib\data\boards\Subject Vocab\Maths\Measurements (Length and Width, Perimeter and Area) -> Measurements (Length and Width, Perimeter and Area)
OK: C:\Users\Craig\Downloads\Charlie Chat\lib\data\boards\Subject Vocab\Maths\Position and Direction -> Position and Direction
OK: C:\Users\Craig\Downloads\Charlie Chat\lib\data\boards\Subject Vocab\Maths\Ratios and Proportion -> Ratios and Proportion
OK: C:\Users\Craig\Downloads\Charlie Chat\lib\data\boards\Subject Vocab\Maths\Shapes and Angles -> Shapes and Angles
OK: C:\Users\Craig\Downloads\Charlie Chat\lib\data\boards\Subject Vocab\Maths\Weight and Capacity -> Weight and Capacity
OK: C:\Users\Craig\Downloads\Charlie Chat\lib\data\boards\Subject Vocab\P.E\Adventure and Extreme Sports -> Adventure and Extreme Sports
OK: C:\Users\Craig\Downloads\Charlie Chat\lib\data\boards\Subject Vocab\P.E\Creativity and Brainpower -> Creativity and Brainpower
OK: C:\Users\Craig\Downloads\Charlie Chat\lib\data\boards\Subject Vocab\P.E\Water and Winter Sports -> Water and Winter Sports
OK: C:\Users\Craig\Downloads\Charlie Chat\lib\data\boards\Subject Vocab\P.E.E.P\Anglo-Saxons\Places and People (Anglo-Saxons) -> Places and People (Anglo-Saxons)
OK: C:\Users\Craig\Downloads\Charlie Chat\lib\data\boards\Subject Vocab\P.E.E.P\Biomes and Climate -> Biomes and Climate
OK: C:\Users\Craig\Downloads\Charlie Chat\lib\data\boards\Subject Vocab\P.E.E.P\Britain At War\WW Aftermath and Leadership -> WW Aftermath and Leadership
OK: C:\Users\Craig\Downloads\Charlie Chat\lib\data\boards\Subject Vocab\P.E.E.P\Countries & Continents\World Map\Canada and Greenland -> Canada and Greenland
OK: C:\Users\Craig\Downloads\Charlie Chat\lib\data\boards\Subject Vocab\P.E.E.P\Countries & Continents\World Map\Central America and The Caribbean -> Central America and The Caribbean
OK: C:\Users\Craig\Downloads\Charlie Chat\lib\data\boards\Subject Vocab\P.E.E.P\Countries & Continents\World Map\Oceans and Poles -> Oceans and Poles
OK: C:\Users\Craig\Downloads\Charlie Chat\lib\data\boards\Subject Vocab\P.E.E.P\Countries and Continents -> Countries and Continents
OK: C:\Users\Craig\Downloads\Charlie Chat\lib\data\boards\Subject Vocab\P.E.E.P\Gods, Titans, Heroes & Monsters\Heroes and Monsters -> Heroes and Monsters
OK: C:\Users\Craig\Downloads\Charlie Chat\lib\data\boards\Subject Vocab\P.E.E.P\Gods, Titans, Heroes and Monsters -> Gods, Titans, Heroes and Monsters
OK: C:\Users\Craig\Downloads\Charlie Chat\lib\data\boards\Subject Vocab\P.E.E.P\Local Places, Heroes and Tourism -> Local Places, Heroes and Tourism
OK: C:\Users\Craig\Downloads\Charlie Chat\lib\data\boards\Subject Vocab\P.E.E.P\Maps and Atlas -> Maps and Atlas
OK: C:\Users\Craig\Downloads\Charlie Chat\lib\data\boards\Subject Vocab\Photography\Artistic and Conceptual -> Artistic and Conceptual
OK: C:\Users\Craig\Downloads\Charlie Chat\lib\data\boards\Subject Vocab\Photography\Editing and Post Production -> Editing and Post Production
OK: C:\Users\Craig\Downloads\Charlie Chat\lib\data\boards\Subject Vocab\Photography\Lighting and Composition -> Lighting and Composition
OK: C:\Users\Craig\Downloads\Charlie Chat\lib\data\boards\Subject Vocab\Photography\Technical and Analytical -> Technical and Analytical
OK: C:\Users\Craig\Downloads\Charlie Chat\lib\data\boards\Subject Vocab\Religion & Worldviews\Belonging and Baptism -> Belonging and Baptism
OK: C:\Users\Craig\Downloads\Charlie Chat\lib\data\boards\Subject Vocab\Religion & Worldviews\Good and Evil -> Good and Evil
OK: C:\Users\Craig\Downloads\Charlie Chat\lib\data\boards\Subject Vocab\Religion & Worldviews\Love and Belonging -> Love and Belonging
OK: C:\Users\Craig\Downloads\Charlie Chat\lib\data\boards\Subject Vocab\Religion & Worldviews\Love and Easter -> Love and Easter
OK: C:\Users\Craig\Downloads\Charlie Chat\lib\data\boards\Subject Vocab\Religion & Worldviews\Z Hinduism\Gods and Characters -> Gods and Characters
OK: C:\Users\Craig\Downloads\Charlie Chat\lib\data\boards\Subject Vocab\Religion and Worldviews -> Religion and Worldviews
OK: C:\Users\Craig\Downloads\Charlie Chat\lib\data\boards\Subject Vocab\Retail\Payment and Finance -> Payment and Finance
OK: C:\Users\Craig\Downloads\Charlie Chat\lib\data\boards\Subject Vocab\Science\Acids and Alkelis -> Acids and Alkelis
OK: C:\Users\Craig\Downloads\Charlie Chat\lib\data\boards\Subject Vocab\Science\Animals and Humans -> Animals and Humans
OK: C:\Users\Craig\Downloads\Charlie Chat\lib\data\boards\Subject Vocab\Science\Energy\Alternative and Renewable Energy -> Alternative and Renewable Energy
OK: C:\Users\Craig\Downloads\Charlie Chat\lib\data\boards\Subject Vocab\Science\Entry Level\Clean Air and Water -> Clean Air and Water
OK: C:\Users\Craig\Downloads\Charlie Chat\lib\data\boards\Subject Vocab\Science\Entry Level\Pushes and Pulls -> Pushes and Pulls
OK: C:\Users\Craig\Downloads\Charlie Chat\lib\data\boards\Subject Vocab\Science\Evolution and Genes -> Evolution and Genes
OK: C:\Users\Craig\Downloads\Charlie Chat\lib\data\boards\Subject Vocab\Science\Levers, Pulleys and Gears -> Levers, Pulleys and Gears
OK: C:\Users\Craig\Downloads\Charlie Chat\lib\data\boards\Subject Vocab\Science\Light and Sound -> Light and Sound
OK: C:\Users\Craig\Downloads\Charlie Chat\lib\data\boards\Subject Vocab\Science\Organs\Cells and Organelles -> Cells and Organelles
OK: C:\Users\Craig\Downloads\Charlie Chat\lib\data\boards\Subject Vocab\Science\Staying Healthy\Digestion and Excretion -> Digestion and Excretion
OK: C:\Users\Craig\Downloads\Charlie Chat\lib\data\boards\Subject Vocab\Science\Staying Healthy\Mental and Social Health -> Mental and Social Health
OK: C:\Users\Craig\Downloads\Charlie Chat\Users\Craig\Downloads\Disney\Beauty and The Beast -> Beauty and The Beast
OK: C:\Users\Craig\Downloads\Charlie Chat\Users\Craig\Downloads\Disney\Lady and The Tramp -> Lady and The Tramp
OK: C:\Users\Craig\Downloads\Charlie Chat\Users\Craig\Downloads\Disney\Lilo and Stitch -> Lilo and Stitch
OK: C:\Users\Craig\Downloads\Charlie Chat\Users\Craig\Downloads\Disney\Oliver and Company -> Oliver and Company
OK: C:\Users\Craig\Downloads\Charlie Chat\Users\Craig\Downloads\Disney\Raya and The Last Dragon -> Raya and The Last Dragon
OK: C:\Users\Craig\Downloads\Charlie Chat\Users\Craig\Downloads\Disney\Snow White and The Seven Dwarfs -> Snow White and The Seven Dwarfs
OK: C:\Users\Craig\Downloads\Charlie Chat\Users\Craig\Downloads\Disney\The Fox and The Hound -> The Fox and The Hound
OK: C:\Users\Craig\Downloads\Charlie Chat\Users\Craig\Downloads\Disney\The Princess and The Frog -> The Princess and The Frog
Done.
