Missing images: 2161
  prebuilt_actions.json: ask (no image)
  prebuilt_actions.json: do (no image)
  prebuilt_actions.json: dress (no image)
  prebuilt_actions.json: drink (no image)
  prebuilt_actions.json: eat (no image)
  prebuilt_actions.json: go (no image)
  prebuilt_actions.json: stop (no image)
  prebuilt_actions.json: play (no image)
  prebuilt_actions.json: sleep (no image)
  prebuilt_actions.json: talk (no image)
  prebuilt_actions.json: listen (no image)
  prebuilt_actions.json: enter (no image)
  prebuilt_actions.json: leave or exit (no image)
  prebuilt_actions.json: throw away (no image)
  prebuilt_actions.json: throw (no image)
  prebuilt_actions.json: mix (no image)
  prebuilt_actions.json: mix & stir (no image)
  prebuilt_actions.json: cook (no image)
  prebuilt_actions.json: blow nose (no image)
  prebuilt_actions.json: ride (no image)
  prebuilt_actions.json: Movement (no image)
  prebuilt_alphabet.json: A (no image)
  prebuilt_alphabet.json: B (no image)
  prebuilt_alphabet.json: C (no image)
  prebuilt_alphabet.json: D (no image)
  prebuilt_alphabet.json: E (no image)
  prebuilt_alphabet.json: F (no image)
  prebuilt_alphabet.json: G (no image)
  prebuilt_alphabet.json: H (no image)
  prebuilt_alphabet.json: I (no image)
  prebuilt_alphabet.json: J (no image)
  prebuilt_alphabet.json: K (no image)
  prebuilt_alphabet.json: L (no image)
  prebuilt_alphabet.json: M (no image)
  prebuilt_alphabet.json: N (no image)
  prebuilt_alphabet.json: O (no image)
  prebuilt_alphabet.json: P (no image)
  prebuilt_alphabet.json: Q (no image)
  prebuilt_alphabet.json: R (no image)
  prebuilt_alphabet.json: S (no image)
  prebuilt_alphabet.json: T (no image)
  prebuilt_alphabet.json: U (no image)
  prebuilt_alphabet.json: V (no image)
  prebuilt_alphabet.json: W (no image)
  prebuilt_alphabet.json: X (no image)
  prebuilt_alphabet.json: Y (no image)
  prebuilt_alphabet.json: Z (no image)
  prebuilt_alphabet.json: it's fun to stay at the (no image)
  prebuilt_alphabet.json: you can take me hot to go (no image)
  prebuilt_alphabet.json: find out what it means to me (no image)
  ... and 2111 more
