Searching online for "mix & stir"...
  prebuilt_actions.json: "mix & stir" -> https://static.arasaac.org/pictograms/5515/5515_300.png
Saved C:\Users\Craig\Downloads\Charlie Chat\lib\data\boards\Common\prebuilt_actions.json
Searching online for "sick"...
  prebuilt_body_parts.json: "sick" -> https://static.arasaac.org/pictograms/7040/7040_300.png
Saved C:\Users\Craig\Downloads\Charlie Chat\lib\data\boards\Common\prebuilt_body_parts.json
Searching online for "claw"...
  prebuilt_body_parts_of_animals.json: "claw" -> https://static.arasaac.org/pictograms/5477/5477_300.png
Searching online for "prickles / spines / quills"...
  prebuilt_body_parts_of_animals.json: "prickles / spines / quills" -> https://static.arasaac.org/pictograms/4783/4783_300.png
Searching online for "pincer"...
  prebuilt_body_parts_of_animals.json: "pincer" -> https://static.arasaac.org/pictograms/6178/6178_300.png
Searching online for "hump"...
  prebuilt_body_parts_of_animals.json: "hump" -> https://static.arasaac.org/pictograms/38388/38388_300.png
Saved C:\Users\Craig\Downloads\Charlie Chat\lib\data\boards\Common\prebuilt_body_parts_of_animals.json
Searching online for "marshmallow"...
  prebuilt_bonfire_night_keywords.json: "marshmallow" -> https://d18vdu4p71yql0.cloudfront.net/libraries/noun-project/marshmallow_163_165613.svg
Saved C:\Users\Craig\Downloads\Charlie Chat\lib\data\boards\Common\prebuilt_bonfire_night_keywords.json
Searching online for "ogre"...
  prebuilt_characters.json: "ogre" -> https://static.arasaac.org/pictograms/6160/6160_300.png
Saved C:\Users\Craig\Downloads\Charlie Chat\lib\data\boards\Common\prebuilt_characters.json
Searching online for "nestling"...
  prebuilt_child_animals.json: "nestling" -> https://d18vdu4p71yql0.cloudfront.net/libraries/sclera/nestling bird.png
Searching online for "owlet"...
  prebuilt_child_animals.json: "owlet" -> not found online
Searching online for "cria"...
  prebuilt_child_animals.json: "cria" -> not found online
Saved C:\Users\Craig\Downloads\Charlie Chat\lib\data\boards\Common\prebuilt_child_animals.json
Searching online for "present or gift"...
  prebuilt_christmas_keywords.json: "present or gift" -> https://static.arasaac.org/pictograms/37218/37218_300.png
Saved C:\Users\Craig\Downloads\Charlie Chat\lib\data\boards\Common\prebuilt_christmas_keywords.json
Searching online for "lilies"...
  prebuilt_easter_keywords.json: "lilies" -> https://d18vdu4p71yql0.cloudfront.net/libraries/arasaac/cala lily.png
Saved C:\Users\Craig\Downloads\Charlie Chat\lib\data\boards\Common\prebuilt_easter_keywords.json
Searching online for "band of gorillas"...
  prebuilt_groups_of_animals.json: "band of gorillas" -> https://static.arasaac.org/pictograms/3304/3304_300.png
Searching online for "cloud of gnats"...
  prebuilt_groups_of_animals.json: "cloud of gnats" -> https://static.arasaac.org/pictograms/36681/36681_300.png
Searching online for "clutch of chicks"...
  prebuilt_groups_of_animals.json: "clutch of chicks" -> https://static.arasaac.org/pictograms/26254/26254_300.png
Searching online for "dazzle of zebras"...
  prebuilt_groups_of_animals.json: "dazzle of zebras" -> https://static.arasaac.org/pictograms/37159/37159_300.png
Searching online for "gaggle of geese"...
  prebuilt_groups_of_animals.json: "gaggle of geese" -> https://d18vdu4p71yql0.cloudfront.net/libraries/noun-project/geese_171_g.svg
Searching online for "labour of moles"...
  prebuilt_groups_of_animals.json: "labour of moles" -> https://static.arasaac.org/pictograms/11457/11457_300.png
Searching online for "leap of leopards"...
  prebuilt_groups_of_animals.json: "leap of leopards" -> https://static.arasaac.org/pictograms/2804/2804_300.png
Searching online for "lounge of lizards"...
  prebuilt_groups_of_animals.json: "lounge of lizards" -> https://static.arasaac.org/pictograms/9911/9911_300.png
Searching online for "mischief of mice"...
  prebuilt_groups_of_animals.json: "mischief of mice" -> https://static.arasaac.org/pictograms/38266/38266_300.png
Searching online for "mob of kangaroos"...
  prebuilt_groups_of_animals.json: "mob of kangaroos" -> https://d18vdu4p71yql0.cloudfront.net/libraries/arasaac/kangaroos.png
Searching online for "pride of lions"...
  prebuilt_groups_of_animals.json: "pride of lions" -> https://static.arasaac.org/pictograms/10246/10246_300.png
Searching online for "quiver of cobras"...
  prebuilt_groups_of_animals.json: "quiver of cobras" -> https://d18vdu4p71yql0.cloudfront.net/libraries/noun-project/Snake-4336fa43dd.svg
Searching online for "raft of otters"...
  prebuilt_groups_of_animals.json: "raft of otters" -> https://d18vdu4p71yql0.cloudfront.net/libraries/noun-project/otter_730_g.svg
Searching online for "siege of herons"...
  prebuilt_groups_of_animals.json: "siege of herons" -> https://d18vdu4p71yql0.cloudfront.net/libraries/mulberry/heron.svg
Searching online for "skulk of foxes"...
  prebuilt_groups_of_animals.json: "skulk of foxes" -> https://d18vdu4p71yql0.cloudfront.net/libraries/twemoji/1f98a.svg
Searching online for "slaughter of iguanas"...
  prebuilt_groups_of_animals.json: "slaughter of iguanas" -> https://d18vdu4p71yql0.cloudfront.net/libraries/arasaac/iguanas.png
Searching online for "slither of snakes"...
  prebuilt_groups_of_animals.json: "slither of snakes" -> https://d18vdu4p71yql0.cloudfront.net/libraries/language-craft/snakes.png
Searching online for "stench of skunks"...
  prebuilt_groups_of_animals.json: "stench of skunks" -> https://d18vdu4p71yql0.cloudfront.net/libraries/arasaac/skunk.png
Searching online for "string of ponies"...
  prebuilt_groups_of_animals.json: "string of ponies" -> https://static.arasaac.org/pictograms/3256/3256_300.png
Saved C:\Users\Craig\Downloads\Charlie Chat\lib\data\boards\Common\prebuilt_groups_of_animals.json
Searching online for "skull"...
  prebuilt_internal_organs.json: "skull" -> https://static.arasaac.org/pictograms/34969/34969_300.png
Searching online for "mandible (jawbone)"...
  prebuilt_internal_organs.json: "mandible (jawbone)" -> https://static.arasaac.org/pictograms/4783/4783_300.png
Searching online for "clavicle (collarbone)"...
  prebuilt_internal_organs.json: "clavicle (collarbone)" -> https://static.arasaac.org/pictograms/37435/37435_300.png
Searching online for "oesophagus"...
  prebuilt_internal_organs.json: "oesophagus" -> not found online
Searching online for "spine / spinal column"...
  prebuilt_internal_organs.json: "spine / spinal column" -> https://static.arasaac.org/pictograms/16619/16619_300.png
Searching online for "pelvis"...
  prebuilt_internal_organs.json: "pelvis" -> https://static.arasaac.org/pictograms/24260/24260_300.png
Searching online for "ulna"...
  prebuilt_internal_organs.json: "ulna" -> https://static.arasaac.org/pictograms/24001/24001_300.png
Searching online for "patella (kneecap)"...
  prebuilt_internal_organs.json: "patella (kneecap)" -> https://static.arasaac.org/pictograms/37482/37482_300.png
Searching online for "tibia"...
  prebuilt_internal_organs.json: "tibia" -> https://static.arasaac.org/pictograms/24436/24436_300.png
Searching online for "fibia"...
  prebuilt_internal_organs.json: "fibia" -> not found online
Saved C:\Users\Craig\Downloads\Charlie Chat\lib\data\boards\Common\prebuilt_internal_organs.json
Searching online for "archaeologist"...
  prebuilt_jobs_careers.json: "archaeologist" -> https://static.arasaac.org/pictograms/32095/32095_300.png
Searching online for "cashier"...
  prebuilt_jobs_careers.json: "cashier" -> https://static.arasaac.org/pictograms/3001/3001_300.png
Searching online for "detective"...
  prebuilt_jobs_careers.json: "detective" -> https://static.arasaac.org/pictograms/9191/9191_300.png
Searching online for "florist"...
  prebuilt_jobs_careers.json: "florist" -> https://static.arasaac.org/pictograms/3318/3318_300.png
Searching online for "landlord"...
  prebuilt_jobs_careers.json: "landlord" -> not found online
Searching online for "miner"...
  prebuilt_jobs_careers.json: "miner" -> https://static.arasaac.org/pictograms/8631/8631_300.png
Searching online for "paramedic"...
  prebuilt_jobs_careers.json: "paramedic" -> https://d18vdu4p71yql0.cloudfront.net/libraries/mulberry/paramedic 1a.svg.varianted-skin.svg
Searching online for "park ranger"...
  prebuilt_jobs_careers.json: "park ranger" -> https://static.arasaac.org/pictograms/24755/24755_300.png
Searching online for "receptionist"...
  prebuilt_jobs_careers.json: "receptionist" -> https://static.arasaac.org/pictograms/22072/22072_300.png
Searching online for "shopkeeper"...
  prebuilt_jobs_careers.json: "shopkeeper" -> https://static.arasaac.org/pictograms/20121/20121_300.png
Searching online for "speech therapist"...
  prebuilt_jobs_careers.json: "speech therapist" -> https://static.arasaac.org/pictograms/38672/38672_300.png
Searching online for "therapist"...
  prebuilt_jobs_careers.json: "therapist" -> https://static.arasaac.org/pictograms/36179/36179_300.png
Saved C:\Users\Craig\Downloads\Charlie Chat\lib\data\boards\Common\prebuilt_jobs_careers.json
Searching online for "1 pence"...
  prebuilt_money.json: "1 pence" -> https://static.arasaac.org/pictograms/19548/19548_300.png
Searching online for "2 pence"...
  prebuilt_money.json: "2 pence" -> https://static.arasaac.org/pictograms/19548/19548_300.png
Searching online for "5 pence"...
  prebuilt_money.json: "5 pence" -> https://static.arasaac.org/pictograms/4780/4780_300.png
Searching online for "10 pence"...
  prebuilt_money.json: "10 pence" -> https://static.arasaac.org/pictograms/4782/4782_300.png
Searching online for "20 pence"...
  prebuilt_money.json: "20 pence" -> https://static.arasaac.org/pictograms/4783/4783_300.png
Searching online for "50 pence"...
  prebuilt_money.json: "50 pence" -> https://static.arasaac.org/pictograms/4785/4785_300.png
Searching online for "1 pound"...
  prebuilt_money.json: "1 pound" -> https://static.arasaac.org/pictograms/19548/19548_300.png
Searching online for "2 pounds"...
  prebuilt_money.json: "2 pounds" -> https://static.arasaac.org/pictograms/19548/19548_300.png
Searching online for "5 pounds"...
  prebuilt_money.json: "5 pounds" -> https://static.arasaac.org/pictograms/4780/4780_300.png
Searching online for "10 pounds"...
  prebuilt_money.json: "10 pounds" -> https://static.arasaac.org/pictograms/4782/4782_300.png
Searching online for "20 pounds"...
  prebuilt_money.json: "20 pounds" -> https://static.arasaac.org/pictograms/4783/4783_300.png
Searching online for "50 pounds"...
  prebuilt_money.json: "50 pounds" -> https://static.arasaac.org/pictograms/4785/4785_300.png
Saved C:\Users\Craig\Downloads\Charlie Chat\lib\data\boards\Common\prebuilt_money.json
Searching online for "roll"...
  prebuilt_movement.json: "roll" -> https://static.arasaac.org/pictograms/6603/6603_300.png
Saved C:\Users\Craig\Downloads\Charlie Chat\lib\data\boards\Common\prebuilt_movement.json
Searching online for "piscivore"...
  prebuilt_nature_vocabulary.json: "piscivore" -> not found online
Searching online for "matutinal"...
  prebuilt_nature_vocabulary.json: "matutinal" -> not found online
Searching online for "diurnal"...
  prebuilt_nature_vocabulary.json: "diurnal" -> https://d18vdu4p71yql0.cloudfront.net/libraries/arasaac/day and night.png
Searching online for "vespertine"...
  prebuilt_nature_vocabulary.json: "vespertine" -> not found online
Searching online for "crepuscular"...
  prebuilt_nature_vocabulary.json: "crepuscular" -> not found online
Searching online for "camouflage"...
  prebuilt_nature_vocabulary.json: "camouflage" -> not found online
Saved C:\Users\Craig\Downloads\Charlie Chat\lib\data\boards\Common\prebuilt_nature_vocabulary.json
Searching online for "plus"...
  prebuilt_numbers.json: "plus" -> https://static.arasaac.org/pictograms/3220/3220_300.png
Saved C:\Users\Craig\Downloads\Charlie Chat\lib\data\boards\Common\prebuilt_numbers.json
Searching online for "though"...
  prebuilt_prepositions.json: "though" -> https://static.arasaac.org/pictograms/11185/11185_300.png
Saved C:\Users\Craig\Downloads\Charlie Chat\lib\data\boards\Common\prebuilt_prepositions.json
Searching online for "although"...
  prebuilt_small_words.json: "although" -> https://static.arasaac.org/pictograms/11185/11185_300.png
Searching online for "since"...
  prebuilt_small_words.json: "since" -> https://static.arasaac.org/pictograms/7077/7077_300.png
Searching online for "however"...
  prebuilt_small_words.json: "however" -> https://static.arasaac.org/pictograms/11377/11377_300.png
Searching online for "therefore"...
  prebuilt_small_words.json: "therefore" -> https://d18vdu4p71yql0.cloudfront.net/libraries/arasaac/bonfire.png
Searching online for "until"...
  prebuilt_small_words.json: "until" -> https://static.arasaac.org/pictograms/7771/7771_300.png
Searching online for "while"...
  prebuilt_small_words.json: "while" -> https://static.arasaac.org/pictograms/7081/7081_300.png
Searching online for "unless"...
  prebuilt_small_words.json: "unless" -> https://d18vdu4p71yql0.cloudfront.net/libraries/noun-project/Waiting-d5866a86c5.svg
Searching online for "with"...
  prebuilt_small_words.json: "with" -> https://static.arasaac.org/pictograms/7064/7064_300.png
Searching online for "without"...
  prebuilt_small_words.json: "without" -> https://static.arasaac.org/pictograms/7813/7813_300.png
Searching online for "about"...
  prebuilt_small_words.json: "about" -> https://static.arasaac.org/pictograms/7234/7234_300.png
Searching online for "were"...
  prebuilt_small_words.json: "were" -> https://static.arasaac.org/pictograms/5931/5931_300.png
Searching online for "being"...
  prebuilt_small_words.json: "being" -> https://static.arasaac.org/pictograms/10250/10250_300.png
Searching online for "does"...
  prebuilt_small_words.json: "does" -> https://static.arasaac.org/pictograms/9833/9833_300.png
Searching online for "doing"...
  prebuilt_small_words.json: "doing" -> https://static.arasaac.org/pictograms/11597/11597_300.png
Searching online for "will"...
  prebuilt_small_words.json: "will" -> https://static.arasaac.org/pictograms/35629/35629_300.png
Searching online for "would"...
  prebuilt_small_words.json: "would" -> https://d18vdu4p71yql0.cloudfront.net/libraries/noun-project/hands_377_g.svg
Searching online for "could"...
  prebuilt_small_words.json: "could" -> https://d18vdu4p71yql0.cloudfront.net/libraries/noun-project/Weight Lifting-652791b3f9.svg
Searching online for "shall"...
  prebuilt_small_words.json: "shall" -> https://static.arasaac.org/pictograms/39596/39596_300.png
Searching online for "should"...
  prebuilt_small_words.json: "should" -> https://d18vdu4p71yql0.cloudfront.net/libraries/arasaac/Important_2.png
Searching online for "might"...
  prebuilt_small_words.json: "might" -> https://d18vdu4p71yql0.cloudfront.net/libraries/twemoji/1f937-var1f3fcUNI.svg
Searching online for "must"...
  prebuilt_small_words.json: "must" -> https://static.arasaac.org/pictograms/2661/2661_300.png
Searching online for "didn't"...
  prebuilt_small_words.json: "didn't" -> https://static.arasaac.org/pictograms/22005/22005_300.png
Searching online for "then"...
  prebuilt_small_words.json: "then" -> https://static.arasaac.org/pictograms/32749/32749_300.png
Searching online for "these"...
  prebuilt_small_words.json: "these" -> https://static.arasaac.org/pictograms/7096/7096_300.png
Searching online for "those"...
  prebuilt_small_words.json: "those" -> https://static.arasaac.org/pictograms/6907/6907_300.png
Searching online for "conjunction"...
  prebuilt_small_words.json: "conjunction" -> https://static.arasaac.org/pictograms/28359/28359_300.png
Searching online for "preposition"...
  prebuilt_small_words.json: "preposition" -> https://static.arasaac.org/pictograms/24737/24737_300.png
Searching online for "oops"...
  prebuilt_small_words.json: "oops" -> https://static.arasaac.org/pictograms/3253/3253_300.png
Searching online for "ouch"...
  prebuilt_small_words.json: "ouch" -> https://static.arasaac.org/pictograms/2571/2571_300.png
Searching online for "alas"...
  prebuilt_small_words.json: "alas" -> https://static.arasaac.org/pictograms/2954/2954_300.png
Searching online for "less"...
  prebuilt_small_words.json: "less" -> https://static.arasaac.org/pictograms/5512/5512_300.png
Searching online for "much"...
  prebuilt_small_words.json: "much" -> https://static.arasaac.org/pictograms/7168/7168_300.png
Searching online for "every"...
  prebuilt_small_words.json: "every" -> https://static.arasaac.org/pictograms/17322/17322_300.png
Searching online for "actually"...
  prebuilt_small_words.json: "actually" -> https://d18vdu4p71yql0.cloudfront.net/libraries/twemoji/2755.svg
Searching online for "definitely"...
  prebuilt_small_words.json: "definitely" -> https://d18vdu4p71yql0.cloudfront.net/libraries/arasaac/to know_1.png.varianted-skin.png
Searching online for "particularly"...
  prebuilt_small_words.json: "particularly" -> https://d18vdu4p71yql0.cloudfront.net/libraries/arasaac/that one.png
Searching online for "simply"...
  prebuilt_small_words.json: "simply" -> https://d18vdu4p71yql0.cloudfront.net/libraries/arasaac/earring.png
Searching online for "having"...
  prebuilt_small_words.json: "having" -> https://d18vdu4p71yql0.cloudfront.net/libraries/twemoji/1f9fa.svg
Saved C:\Users\Craig\Downloads\Charlie Chat\lib\data\boards\Common\prebuilt_small_words.json
Searching online for "millennium"...
  prebuilt_time.json: "millennium" -> https://d18vdu4p71yql0.cloudfront.net/libraries/mulberry/thousand.svg
Saved C:\Users\Craig\Downloads\Charlie Chat\lib\data\boards\Common\prebuilt_time.json
Searching online for "be responsible"...
  prebuilt_baycroft_expects.json: "be responsible" -> https://static.arasaac.org/pictograms/7157/7157_300.png
Searching online for "follow instructions"...
  prebuilt_baycroft_expects.json: "follow instructions" -> https://static.arasaac.org/pictograms/7037/7037_300.png
Searching online for "keep trying"...
  prebuilt_baycroft_expects.json: "keep trying" -> https://static.arasaac.org/pictograms/36701/36701_300.png
Saved C:\Users\Craig\Downloads\Charlie Chat\lib\data\boards\My School\prebuilt_baycroft_expects.json
Searching online for "synthesising"...
  prebuilt_thinking_skills.json: "synthesising" -> not found online
Attempted 118 missing tiles, filled 107 with online images.
