Searching online for "paw"...
  prebuilt_body_parts_of_animals.json: "paw" -> https://static.arasaac.org/pictograms/38048/38048_300.png
Saved C:\Users\Craig\Downloads\Charlie Chat\lib\data\boards\Common\prebuilt_body_parts_of_animals.json
Searching online for "and"...
  prebuilt_numbers.json: "and" -> https://static.arasaac.org/pictograms/11399/11399_300.png
Saved C:\Users\Craig\Downloads\Charlie Chat\lib\data\boards\Common\prebuilt_numbers.json
Searching online for "be"...
  prebuilt_phase_3_phonics.json: "be" -> https://static.arasaac.org/pictograms/36480/36480_300.png
Searching online for "are"...
  prebuilt_phase_3_phonics.json: "are" -> https://static.arasaac.org/pictograms/7800/7800_300.png
Searching online for "was"...
  prebuilt_phase_3_phonics.json: "was" -> https://static.arasaac.org/pictograms/2442/2442_300.png
Searching online for "her"...
  prebuilt_phase_3_phonics.json: "her" -> https://static.arasaac.org/pictograms/7029/7029_300.png
Searching online for "my"...
  prebuilt_phase_3_phonics.json: "my" -> https://static.arasaac.org/pictograms/12264/12264_300.png
Saved C:\Users\Craig\Downloads\Charlie Chat\lib\data\boards\Common\prebuilt_phase_3_phonics.json
Searching online for "so"...
  prebuilt_phase_4_phonics.json: "so" -> https://static.arasaac.org/pictograms/13080/13080_300.png
Saved C:\Users\Craig\Downloads\Charlie Chat\lib\data\boards\Common\prebuilt_phase_4_phonics.json
Searching online for "oh"...
  prebuilt_phase_5_phonics.json: "oh" -> https://static.arasaac.org/pictograms/2984/2984_300.png
Searching online for "Mrs"...
  prebuilt_phase_5_phonics.json: "Mrs" -> https://d18vdu4p71yql0.cloudfront.net/libraries/tawasol/Mrs (1)_2.jpg
Saved C:\Users\Craig\Downloads\Charlie Chat\lib\data\boards\Common\prebuilt_phase_5_phonics.json
Searching online for "an"...
  prebuilt_small_words.json: "an" -> https://static.arasaac.org/pictograms/8474/8474_300.png
Searching online for "and"...
  prebuilt_small_words.json: "and" -> https://static.arasaac.org/pictograms/11399/11399_300.png
Searching online for "but"...
  prebuilt_small_words.json: "but" -> https://static.arasaac.org/pictograms/11377/11377_300.png
Searching online for "so"...
  prebuilt_small_words.json: "so" -> https://static.arasaac.org/pictograms/13080/13080_300.png
Searching online for "yet"...
  prebuilt_small_words.json: "yet" -> https://static.arasaac.org/pictograms/38306/38306_300.png
Searching online for "nor"...
  prebuilt_small_words.json: "nor" -> https://static.arasaac.org/pictograms/10285/10285_300.png
Searching online for "for"...
  prebuilt_small_words.json: "for" -> https://static.arasaac.org/pictograms/7081/7081_300.png
Searching online for "if"...
  prebuilt_small_words.json: "if" -> https://static.arasaac.org/pictograms/28359/28359_300.png
Searching online for "of"...
  prebuilt_small_words.json: "of" -> https://static.arasaac.org/pictograms/7074/7074_300.png
Searching online for "is"...
  prebuilt_small_words.json: "is" -> https://static.arasaac.org/pictograms/8115/8115_300.png
Searching online for "am"...
  prebuilt_small_words.json: "am" -> https://static.arasaac.org/pictograms/32308/32308_300.png
Searching online for "are"...
  prebuilt_small_words.json: "are" -> https://static.arasaac.org/pictograms/7800/7800_300.png
Searching online for "was"...
  prebuilt_small_words.json: "was" -> https://static.arasaac.org/pictograms/2442/2442_300.png
Searching online for "be"...
  prebuilt_small_words.json: "be" -> https://static.arasaac.org/pictograms/36480/36480_300.png
Searching online for "has"...
  prebuilt_small_words.json: "has" -> https://static.arasaac.org/pictograms/5095/5095_300.png
Searching online for "had"...
  prebuilt_small_words.json: "had" -> https://static.arasaac.org/pictograms/3388/3388_300.png
Searching online for "did"...
  prebuilt_small_words.json: "did" -> https://static.arasaac.org/pictograms/15345/15345_300.png
Searching online for "can"...
  prebuilt_small_words.json: "can" -> https://static.arasaac.org/pictograms/6544/6544_300.png
Searching online for "not"...
  prebuilt_small_words.json: "not" -> https://static.arasaac.org/pictograms/32308/32308_300.png
Searching online for "as"...
  prebuilt_small_words.json: "as" -> https://static.arasaac.org/pictograms/12313/12313_300.png
Searching online for "ah"...
  prebuilt_small_words.json: "ah" -> https://static.arasaac.org/pictograms/2672/2672_300.png
Searching online for "ugh"...
  prebuilt_small_words.json: "ugh" -> https://static.arasaac.org/pictograms/2368/2368_300.png
Searching online for "oh"...
  prebuilt_small_words.json: "oh" -> https://static.arasaac.org/pictograms/2984/2984_300.png
Searching online for "wow"...
  prebuilt_small_words.json: "wow" -> https://d18vdu4p71yql0.cloudfront.net/libraries/arasaac/cooked.png
Searching online for "hey"...
  prebuilt_small_words.json: "hey" -> https://static.arasaac.org/pictograms/7032/7032_300.png
Searching online for "hmm"...
  prebuilt_small_words.json: "hmm" -> https://d18vdu4p71yql0.cloudfront.net/libraries/noun-project/Music-24b69f41d0.svg
Searching online for "yay"...
  prebuilt_small_words.json: "yay" -> https://d18vdu4p71yql0.cloudfront.net/libraries/mulberry/celebrate 2 , to.svg.varianted-skin.svg
Searching online for "any"...
  prebuilt_small_words.json: "any" -> https://static.arasaac.org/pictograms/5374/5374_300.png
Saved C:\Users\Craig\Downloads\Charlie Chat\lib\data\boards\Common\prebuilt_small_words.json
Searching online for "P.E"...
  prebuilt_lessons.json: "P.E" -> https://static.arasaac.org/pictograms/3038/3038_300.png
Saved C:\Users\Craig\Downloads\Charlie Chat\lib\data\boards\My School\prebuilt_lessons.json
Attempted 39 missing tiles, filled 39 with online images.
