Starting Flutter upgrade at 15/07/2026  6:19:25.12
Upgrading Flutter to 3.44.6 from 3.44.5 in C:\Flutter...

Upgrading engine...

Flutter 3.44.6 • channel stable • https://github.com/flutter/flutter.git
Framework • revision ee80f08bbf (6 days ago) • 2026-07-08 15:02:06 -0700
Engine • hash d3a3293399556a85388faf8c6f0723a7a5597aa8 (revision 83675ed276) (14 days ago) • 2026-06-30 16:59:03.000Z
Tools • Dart 3.12.2 • DevTools 2.57.0

Resolving dependencies...
Downloading packages...
  _fe_analyzer_shared 95.0.0 (105.0.0 available)
  adaptive_breakpoints 0.1.7 (discontinued)
  analyzer 10.1.0 (14.1.0 available)
  animations 2.1.2 (2.2.0 available)
  archive 3.6.1 (4.0.9 available)
  cli_util 0.4.2 (0.5.1 available)
  code_assets 1.0.0 (1.2.1 available)
  coverage 1.15.0 (1.15.1 available)
  dart_style 3.1.7 (3.1.12 available)
  data_assets 0.19.6 (0.20.0 available)
  device_info 2.0.3 (discontinued replaced by device_info_plus)
  gcloud 0.8.19 (0.9.0 available)
  google_fonts 6.3.3 (8.1.0 available)
  google_mobile_ads 5.1.0 (9.0.0 available)
  googleapis 14.0.0 (16.0.0 available)
  googleapis_auth 2.0.0 (2.3.3 available)
  hooks 1.0.2 (2.1.0 available)
  intl 0.20.2 (0.20.3 available)
  isolate 2.1.1 (discontinued)
  js 0.7.2 (discontinued)
  json_annotation 4.11.0 (4.12.0 available)
  matcher 0.12.19 (0.12.20 available)
  meta 1.18.0 (1.19.0 available)
  native_toolchain_c 0.17.6 (0.19.3 available)
> objective_c 9.3.0 (was 9.2.3) (9.4.1 available)
  package_config 2.2.0 (3.0.0 available)
  path_provider 2.1.5 (2.1.6 available)
  path_provider_linux 2.2.1 (2.2.2 available)
  path_provider_platform_interface 2.1.2 (2.1.3 available)
  pedantic 1.11.1 (discontinued replaced by lints)
  standard_message_codec 0.0.1+4 (0.0.1+5 available)
  test 1.31.0 (1.31.2 available)
  test_api 0.7.11 (0.7.13 available)
  test_core 0.6.17 (0.6.19 available)
  url_launcher_android 6.3.29 (6.3.32 available)
  url_launcher_web 2.4.2 (2.4.3 available)
  vector_math 2.2.0 (2.4.0 available)
  video_player 2.11.1 (2.13.0 available)
  video_player_android 2.9.5 (2.11.0 available)
  video_player_avfoundation 2.9.4 (2.11.0 available)
  video_player_platform_interface 6.6.0 (6.9.0 available)
  vm_service 15.0.2 (15.2.0 available)
  webview_flutter 4.9.0 (4.14.1 available)
  webview_flutter_android 3.16.9 (4.13.0 available)
  webview_flutter_wkwebview 3.24.2 (3.26.0 available)
  xml 6.6.1 (7.0.1 available)
Changed 1 dependency!
5 packages are discontinued.
41 packages have newer versions incompatible with dependency constraints.
Try `flutter pub outdated` for more information.

Running flutter doctor...
Doctor summary (to see all details, run flutter doctor -v):
[√] Flutter (Channel stable, 3.44.6, on Microsoft Windows [Version 10.0.26200.8737], locale en-GB)
[!] Windows Version (Problem detected with Windows installation)
    ! Get-Process failed to complete
[√] Android toolchain - develop for Android devices (Android SDK version 37.0.0)
[√] Chrome - develop for the web
[√] Visual Studio - develop Windows apps (Visual Studio Build Tools 2026 18.6.2)
[√] Connected device (3 available)
[√] Network resources

! Doctor found issues in 1 category.
Took 32.5s

Exit code: 0
Finished at 15/07/2026  6:19:25.12

Running flutter doctor...
[√] Flutter (Channel stable, 3.44.6, on Microsoft Windows [Version 10.0.26200.8737], locale en-GB) [687ms]
    • Flutter version 3.44.6 on channel stable at C:\Flutter
    • Upstream repository https://github.com/flutter/flutter.git
    • Framework revision ee80f08bbf (6 days ago), 2026-07-08 15:02:06 -0700
    • Engine revision 83675ed276
    • Dart version 3.12.2
    • DevTools version 2.57.0
    • Feature flags: enable-web, enable-linux-desktop, enable-macos-desktop, enable-windows-desktop, enable-android, enable-ios, cli-animations, enable-native-assets, enable-swift-package-manager, omit-legacy-version-file, enable-lldb-debugging, enable-uiscene-migration

[!] Windows Version (Problem detected with Windows installation) [2.0s]
    ! Get-Process failed to complete

[√] Android toolchain - develop for Android devices (Android SDK version 37.0.0) [4.2s]
    • Android SDK at C:\Users\Craig\AppData\Local\Android\sdk
    • Emulator version 36.5.11.0 (build_id 15261927) (CL:N/A)
    • Platform android-CinnamonBun-ext23, build-tools 37.0.0
    • Java binary at: C:\Program Files\Android\Android Studio\jbr\bin\java
      This is the JDK bundled with the latest Android Studio installation on this machine.
      To manually set the JDK path, use: `flutter config --jdk-dir="path/to/jdk"`.
    • Java version OpenJDK Runtime Environment (build 21.0.10+-14961533-b1163.108)
    • All Android licenses accepted.

[√] Chrome - develop for the web [213ms]
    • Chrome at C:\Program Files (x86)\Google\Chrome\Application\chrome.exe

[√] Visual Studio - develop Windows apps (Visual Studio Build Tools 2026 18.6.2) [210ms]
    • Visual Studio at C:\Program Files (x86)\Microsoft Visual Studio\18\BuildTools
    • Visual Studio Build Tools 2026 version 18.6.11822.322
    • Windows 10 SDK version 10.0.26100.0

[√] Connected device (3 available) [644ms]
    • Windows (desktop) • windows • windows-x64    • Microsoft Windows [Version 10.0.26200.8737]
    • Chrome (web)      • chrome  • web-javascript • Google Chrome 150.0.7871.115
    • Edge (web)        • edge    • web-javascript • Microsoft Edge 150.0.4078.65

[√] Network resources [638ms]
    • All expected network resources are available.

! Doctor found issues in 1 category.
